// Jest Snapshot v1, https://goo.gl/fbAQLP

exports[`renders App 1`] = `
<div>
  <blockquote
    class="ayah"
  >
    <svg
      fill="currentColor"
      height="1em"
      stroke="currentColor"
      stroke-width="0"
      style="color: rgb(102, 204, 102);"
      viewBox="0 0 24 24"
      width="1em"
      xmlns="http://www.w3.org/2000/svg"
    >
      <path
        d="M0 0h24v24H0z"
        fill="none"
      />
      <path
        d="M6 17h3l2-4V7H5v6h3zm8 0h3l2-4V7h-6v6h3z"
      />
    </svg>
    <cite>
      40
       : 
      60
    </cite>
    Rəbbiniz dedi: 'Mənə dua edin, Mən də sizə cavab verim. Həqiqətən, Mənə ibadət etməyə təkəbbür göstərənlər Cəhənnəmə zəlil olaraq girəcəklər'.
    <a
      class="link"
      href="https://quran.az/40?t=4&rel=nam.az"
      rel="noopener noreferrer"
      target="_blank"
    >
      <br />
      <small>
        Surəni Tam Oxu
      </small>
    </a>
  </blockquote>
</div>
`;
