// Jest Snapshot v1, https://goo.gl/fbAQLP

exports[`renders PrayerList component 1`] = `
<div>
  <div
    class="row times"
  >
    <div
      class="col-12 col-md-4 alert"
    >
      <div
        class="row"
      >
        <h6
          class="col-7 col-md-12 align-self-center"
        >
          Fəcr namazı
        </h6>
        <div
          class="col-5 col-md-12"
        >
          <h4>
            -:-
          </h4>
          <small>
            1 minute ago
          </small>
        </div>
      </div>
    </div>
    <div
      class="col-12 col-md-4 alert text-muted"
    >
      <div
        class="row"
      >
        <h6
          class="col-7 col-md-12 align-self-center"
        >
          Günəş
        </h6>
        <div
          class="col-5 col-md-12"
        >
          <h4>
            -:-
          </h4>
          <svg
            fill="currentColor"
            height="1em"
            stroke="currentColor"
            stroke-width="0"
            style="color: rgb(246, 153, 63);"
            viewBox="0 0 24 24"
            width="1em"
            xmlns="http://www.w3.org/2000/svg"
          >
            <path
              d="M0 0h24v24H0z"
              fill="none"
            />
            <path
              d="M20 8.69V4h-4.69L12 .69 8.69 4H4v4.69L.69 12 4 15.31V20h4.69L12 23.31 15.31 20H20v-4.69L23.31 12 20 8.69zM12 18c-3.31 0-6-2.69-6-6s2.69-6 6-6 6 2.69 6 6-2.69 6-6 6zm0-10c-2.21 0-4 1.79-4 4s1.79 4 4 4 4-1.79 4-4-1.79-4-4-4z"
            />
          </svg>
        </div>
      </div>
    </div>
    <div
      class="col-12 col-md-4 alert alert-success"
    >
      <div
        class="row"
      >
        <h6
          class="col-7 col-md-12 align-self-center"
        >
          Zöhr namazı
        </h6>
        <div
          class="col-5 col-md-12"
        >
          <h4>
            -:-
          </h4>
          <div
            class="col-12 text-center"
          >
            <span
              class="badge bg-warning text-dark"
            >
              Zaman varkən
              <br />
              Namazını qıl
            </span>
          </div>
        </div>
      </div>
    </div>
    <div
      class="col-12 col-md-4 alert"
    >
      <div
        class="row"
      >
        <h6
          class="col-7 col-md-12 align-self-center"
        >
          Əsr namazı
        </h6>
        <div
          class="col-5 col-md-12"
        >
          <h4>
            -:-
          </h4>
          <small>
            4 minutes ago
          </small>
        </div>
      </div>
    </div>
    <div
      class="col-12 col-md-4 alert"
    >
      <div
        class="row"
      >
        <h6
          class="col-7 col-md-12 align-self-center"
        >
          Məğrib namazı
        </h6>
        <div
          class="col-5 col-md-12"
        >
          <h4>
            -:-
          </h4>
          <small>
            5 minutes ago
          </small>
        </div>
      </div>
    </div>
    <div
      class="col-12 col-md-4 alert"
    >
      <div
        class="row"
      >
        <h6
          class="col-7 col-md-12 align-self-center"
        >
          İşa namazı
        </h6>
        <div
          class="col-5 col-md-12"
        >
          <h4>
            -:-
          </h4>
          <small>
            6 minutes ago
          </small>
        </div>
      </div>
    </div>
  </div>
</div>
`;
