// Jest Snapshot v1, https://goo.gl/fbAQLP

exports[`renders PrayerList component 1`] = `
<div>
  <div
    class="text-center"
  >
    <div
      class="ldsFacebook"
    >
      <div />
      <div />
      <div />
    </div>
  </div>
</div>
`;
