// Jest Snapshot v1, https://goo.gl/fbAQLP

exports[`renders App 1`] = `
Object {
  "asFragment": [Function],
  "baseElement": <body>
    <div>
      <nav
        class="navbar sticky-top navbar-expand-lg navbar-light bg-light"
      >
        <div
          class="container"
        >
          <a
            class="navbar-brand"
            href="/"
          >
            <img
              alt="nam.az"
              class="d-inline-block align-top"
              height="30"
              src="/favicon.png"
              width="30"
            />
            Nam.az
          </a>
          <ul
            class="navbar-nav"
          >
            <li
              class="nav-item active"
            >
              <select
                aria-label="Haradasınız?"
                class="form-select btn-outline-success"
              >
                <option
                  value="0"
                >
                  Haradasınız?
                </option>
                <option
                  value="1"
                >
                  Bakı
                </option>
                <option
                  value="2"
                >
                  Sumqayıt
                </option>
                <option
                  value="3"
                >
                  Gəncə
                </option>
                <option
                  value="4"
                >
                  Lənkaran
                </option>
                <option
                  value="5"
                >
                  Mingəçevir
                </option>
                <option
                  value="6"
                >
                  Naxçıvan
                </option>
                <option
                  value="7"
                >
                  Ağdam
                </option>
                <option
                  value="8"
                >
                  Astara
                </option>
                <option
                  value="9"
                >
                  Beyləqan
                </option>
                <option
                  value="10"
                >
                  Cəlilabad
                </option>
                <option
                  value="11"
                >
                  Göyçay
                </option>
                <option
                  value="12"
                >
                  Qəbələ
                </option>
                <option
                  value="13"
                >
                  Qazax
                </option>
                <option
                  value="14"
                >
                  Quba
                </option>
                <option
                  value="15"
                >
                  Qusar
                </option>
                <option
                  value="16"
                >
                  Saatlı
                </option>
                <option
                  value="17"
                >
                  Sabirabad
                </option>
                <option
                  value="18"
                >
                  Şamaxı
                </option>
                <option
                  value="19"
                >
                  Şəki
                </option>
                <option
                  value="20"
                >
                  Şirvan
                </option>
                <option
                  value="21"
                >
                  Xaçmaz
                </option>
                <option
                  value="22"
                >
                  Yevlax
                </option>
                <option
                  value="23"
                >
                  Zaqatala
                </option>
                <option
                  value="24"
                >
                  Şuşa
                </option>
                <option
                  value="25"
                >
                  Marneuli
                </option>
                <option
                  value="26"
                >
                  Bolnisi
                </option>
              </select>
              <small>
                Bakı, Gəncə, 
                <u>
                  Şuşa
                </u>
                 və digər
              </small>
            </li>
          </ul>
        </div>
      </nav>
      <div
        class="d-flex flex-column align-items-between justify-content-sm-start justify-content-md-between mainBlock"
      >
        <div
          class="progress"
          style="display: none;"
        >
          <div
            aria-valuemax="100"
            aria-valuemin="0"
            aria-valuenow="0"
            class="progress bg-info"
            role="progressbar"
            style="width: 0px;"
          />
        </div>
        <div
          class="text-center"
        >
          <div
            class="ldsFacebook"
          >
            <div />
            <div />
            <div />
          </div>
        </div>
        <div
          class="row times"
        >
          <div
            class="col-12 col-md-4 alert"
          >
            <div
              class="row"
            >
              <h6
                class="col-7 col-md-12 align-self-center"
              >
                Sübh namazı
              </h6>
              <div
                class="col-5 col-md-12"
              >
                <h4>
                  -:-
                </h4>
                <small />
              </div>
            </div>
          </div>
          <div
            class="col-12 col-md-4 alert text-muted"
          >
            <div
              class="row"
            >
              <h6
                class="col-7 col-md-12 align-self-center"
              >
                Günəş
              </h6>
              <div
                class="col-5 col-md-12"
              >
                <h4>
                  -:-
                </h4>
                <svg
                  fill="currentColor"
                  height="1em"
                  stroke="currentColor"
                  stroke-width="0"
                  style="color: rgb(246, 153, 63);"
                  viewBox="0 0 24 24"
                  width="1em"
                  xmlns="http://www.w3.org/2000/svg"
                >
                  <path
                    d="M0 0h24v24H0z"
                    fill="none"
                  />
                  <path
                    d="M20 8.69V4h-4.69L12 .69 8.69 4H4v4.69L.69 12 4 15.31V20h4.69L12 23.31 15.31 20H20v-4.69L23.31 12 20 8.69zM12 18c-3.31 0-6-2.69-6-6s2.69-6 6-6 6 2.69 6 6-2.69 6-6 6zm0-10c-2.21 0-4 1.79-4 4s1.79 4 4 4 4-1.79 4-4-1.79-4-4-4z"
                  />
                </svg>
              </div>
            </div>
          </div>
          <div
            class="col-12 col-md-4 alert"
          >
            <div
              class="row"
            >
              <h6
                class="col-7 col-md-12 align-self-center"
              >
                Zöhr namazı
              </h6>
              <div
                class="col-5 col-md-12"
              >
                <h4>
                  -:-
                </h4>
                <small />
              </div>
            </div>
          </div>
          <div
            class="col-12 col-md-4 alert"
          >
            <div
              class="row"
            >
              <h6
                class="col-7 col-md-12 align-self-center"
              >
                Əsr namazı
              </h6>
              <div
                class="col-5 col-md-12"
              >
                <h4>
                  -:-
                </h4>
                <small />
              </div>
            </div>
          </div>
          <div
            class="col-12 col-md-4 alert"
          >
            <div
              class="row"
            >
              <h6
                class="col-7 col-md-12 align-self-center"
              >
                Məğrib namazı
              </h6>
              <div
                class="col-5 col-md-12"
              >
                <h4>
                  -:-
                </h4>
                <small />
              </div>
            </div>
          </div>
          <div
            class="col-12 col-md-4 alert"
          >
            <div
              class="row"
            >
              <h6
                class="col-7 col-md-12 align-self-center"
              >
                İşa namazı
              </h6>
              <div
                class="col-5 col-md-12"
              >
                <h4>
                  -:-
                </h4>
                <small />
              </div>
            </div>
          </div>
        </div>
        <div
          class="text-center"
        >
          <div
            class="ldsFacebook"
          >
            <div />
            <div />
            <div />
          </div>
        </div>
        <nav
          class="navbar "
        >
          <div
            class="container-fluid"
          >
            <ul
              class="nav align-content-center"
            >
              <li
                class="nav-item navbar-text active"
              >
                © 
                2021
              </li>
              <li
                class="nav-item"
              >
                <a
                  class="nav-link"
                  href="https://www.nam.az"
                >
                  Nam.az
                </a>
              </li>
              <li
                class="nav-item"
              >
                <a
                  class="nav-link"
                  href="https://www.quran.az"
                  rel=" noopener noreferrer"
                  target="_blank"
                >
                  Quran.az
                </a>
              </li>
            </ul>
          </div>
        </nav>
      </div>
    </div>
  </body>,
  "container": <div>
    <nav
      class="navbar sticky-top navbar-expand-lg navbar-light bg-light"
    >
      <div
        class="container"
      >
        <a
          class="navbar-brand"
          href="/"
        >
          <img
            alt="nam.az"
            class="d-inline-block align-top"
            height="30"
            src="/favicon.png"
            width="30"
          />
          Nam.az
        </a>
        <ul
          class="navbar-nav"
        >
          <li
            class="nav-item active"
          >
            <select
              aria-label="Haradasınız?"
              class="form-select btn-outline-success"
            >
              <option
                value="0"
              >
                Haradasınız?
              </option>
              <option
                value="1"
              >
                Bakı
              </option>
              <option
                value="2"
              >
                Sumqayıt
              </option>
              <option
                value="3"
              >
                Gəncə
              </option>
              <option
                value="4"
              >
                Lənkaran
              </option>
              <option
                value="5"
              >
                Mingəçevir
              </option>
              <option
                value="6"
              >
                Naxçıvan
              </option>
              <option
                value="7"
              >
                Ağdam
              </option>
              <option
                value="8"
              >
                Astara
              </option>
              <option
                value="9"
              >
                Beyləqan
              </option>
              <option
                value="10"
              >
                Cəlilabad
              </option>
              <option
                value="11"
              >
                Göyçay
              </option>
              <option
                value="12"
              >
                Qəbələ
              </option>
              <option
                value="13"
              >
                Qazax
              </option>
              <option
                value="14"
              >
                Quba
              </option>
              <option
                value="15"
              >
                Qusar
              </option>
              <option
                value="16"
              >
                Saatlı
              </option>
              <option
                value="17"
              >
                Sabirabad
              </option>
              <option
                value="18"
              >
                Şamaxı
              </option>
              <option
                value="19"
              >
                Şəki
              </option>
              <option
                value="20"
              >
                Şirvan
              </option>
              <option
                value="21"
              >
                Xaçmaz
              </option>
              <option
                value="22"
              >
                Yevlax
              </option>
              <option
                value="23"
              >
                Zaqatala
              </option>
              <option
                value="24"
              >
                Şuşa
              </option>
              <option
                value="25"
              >
                Marneuli
              </option>
              <option
                value="26"
              >
                Bolnisi
              </option>
            </select>
            <small>
              Bakı, Gəncə, 
              <u>
                Şuşa
              </u>
               və digər
            </small>
          </li>
        </ul>
      </div>
    </nav>
    <div
      class="d-flex flex-column align-items-between justify-content-sm-start justify-content-md-between mainBlock"
    >
      <div
        class="progress"
        style="display: none;"
      >
        <div
          aria-valuemax="100"
          aria-valuemin="0"
          aria-valuenow="0"
          class="progress bg-info"
          role="progressbar"
          style="width: 0px;"
        />
      </div>
      <div
        class="text-center"
      >
        <div
          class="ldsFacebook"
        >
          <div />
          <div />
          <div />
        </div>
      </div>
      <div
        class="row times"
      >
        <div
          class="col-12 col-md-4 alert"
        >
          <div
            class="row"
          >
            <h6
              class="col-7 col-md-12 align-self-center"
            >
              Sübh namazı
            </h6>
            <div
              class="col-5 col-md-12"
            >
              <h4>
                -:-
              </h4>
              <small />
            </div>
          </div>
        </div>
        <div
          class="col-12 col-md-4 alert text-muted"
        >
          <div
            class="row"
          >
            <h6
              class="col-7 col-md-12 align-self-center"
            >
              Günəş
            </h6>
            <div
              class="col-5 col-md-12"
            >
              <h4>
                -:-
              </h4>
              <svg
                fill="currentColor"
                height="1em"
                stroke="currentColor"
                stroke-width="0"
                style="color: rgb(246, 153, 63);"
                viewBox="0 0 24 24"
                width="1em"
                xmlns="http://www.w3.org/2000/svg"
              >
                <path
                  d="M0 0h24v24H0z"
                  fill="none"
                />
                <path
                  d="M20 8.69V4h-4.69L12 .69 8.69 4H4v4.69L.69 12 4 15.31V20h4.69L12 23.31 15.31 20H20v-4.69L23.31 12 20 8.69zM12 18c-3.31 0-6-2.69-6-6s2.69-6 6-6 6 2.69 6 6-2.69 6-6 6zm0-10c-2.21 0-4 1.79-4 4s1.79 4 4 4 4-1.79 4-4-1.79-4-4-4z"
                />
              </svg>
            </div>
          </div>
        </div>
        <div
          class="col-12 col-md-4 alert"
        >
          <div
            class="row"
          >
            <h6
              class="col-7 col-md-12 align-self-center"
            >
              Zöhr namazı
            </h6>
            <div
              class="col-5 col-md-12"
            >
              <h4>
                -:-
              </h4>
              <small />
            </div>
          </div>
        </div>
        <div
          class="col-12 col-md-4 alert"
        >
          <div
            class="row"
          >
            <h6
              class="col-7 col-md-12 align-self-center"
            >
              Əsr namazı
            </h6>
            <div
              class="col-5 col-md-12"
            >
              <h4>
                -:-
              </h4>
              <small />
            </div>
          </div>
        </div>
        <div
          class="col-12 col-md-4 alert"
        >
          <div
            class="row"
          >
            <h6
              class="col-7 col-md-12 align-self-center"
            >
              Məğrib namazı
            </h6>
            <div
              class="col-5 col-md-12"
            >
              <h4>
                -:-
              </h4>
              <small />
            </div>
          </div>
        </div>
        <div
          class="col-12 col-md-4 alert"
        >
          <div
            class="row"
          >
            <h6
              class="col-7 col-md-12 align-self-center"
            >
              İşa namazı
            </h6>
            <div
              class="col-5 col-md-12"
            >
              <h4>
                -:-
              </h4>
              <small />
            </div>
          </div>
        </div>
      </div>
      <div
        class="text-center"
      >
        <div
          class="ldsFacebook"
        >
          <div />
          <div />
          <div />
        </div>
      </div>
      <nav
        class="navbar "
      >
        <div
          class="container-fluid"
        >
          <ul
            class="nav align-content-center"
          >
            <li
              class="nav-item navbar-text active"
            >
              © 
              2021
            </li>
            <li
              class="nav-item"
            >
              <a
                class="nav-link"
                href="https://www.nam.az"
              >
                Nam.az
              </a>
            </li>
            <li
              class="nav-item"
            >
              <a
                class="nav-link"
                href="https://www.quran.az"
                rel=" noopener noreferrer"
                target="_blank"
              >
                Quran.az
              </a>
            </li>
          </ul>
        </div>
      </nav>
    </div>
  </div>,
  "debug": [Function],
  "findAllByAltText": [Function],
  "findAllByDisplayValue": [Function],
  "findAllByLabelText": [Function],
  "findAllByPlaceholderText": [Function],
  "findAllByRole": [Function],
  "findAllByTestId": [Function],
  "findAllByText": [Function],
  "findAllByTitle": [Function],
  "findByAltText": [Function],
  "findByDisplayValue": [Function],
  "findByLabelText": [Function],
  "findByPlaceholderText": [Function],
  "findByRole": [Function],
  "findByTestId": [Function],
  "findByText": [Function],
  "findByTitle": [Function],
  "getAllByAltText": [Function],
  "getAllByDisplayValue": [Function],
  "getAllByLabelText": [Function],
  "getAllByPlaceholderText": [Function],
  "getAllByRole": [Function],
  "getAllByTestId": [Function],
  "getAllByText": [Function],
  "getAllByTitle": [Function],
  "getByAltText": [Function],
  "getByDisplayValue": [Function],
  "getByLabelText": [Function],
  "getByPlaceholderText": [Function],
  "getByRole": [Function],
  "getByTestId": [Function],
  "getByText": [Function],
  "getByTitle": [Function],
  "queryAllByAltText": [Function],
  "queryAllByDisplayValue": [Function],
  "queryAllByLabelText": [Function],
  "queryAllByPlaceholderText": [Function],
  "queryAllByRole": [Function],
  "queryAllByTestId": [Function],
  "queryAllByText": [Function],
  "queryAllByTitle": [Function],
  "queryByAltText": [Function],
  "queryByDisplayValue": [Function],
  "queryByLabelText": [Function],
  "queryByPlaceholderText": [Function],
  "queryByRole": [Function],
  "queryByTestId": [Function],
  "queryByText": [Function],
  "queryByTitle": [Function],
  "rerender": [Function],
  "unmount": [Function],
}
`;
